// Jest Snapshot v1, https://goo.gl/fbAQLP

exports[`Tests on HomeScreen should render correctly 1`] = `
Array [
  <h1>
    Home Screen
  </h1>,
  <hr />,
  <pre>
    {
    "id": 1,
    "nombre": "Juan Pablo"
}
  </pre>,
]
`;
